// Jest Snapshot v1, https://goo.gl/fbAQLP

exports[`Should Render AddExpensePage correctly 1`] = `
<div>
  <h1>
    Add Expense
  </h1>
  <AddExpenseForm
    onSubmit={[Function]}
  />
</div>
`;
