// Jest Snapshot v1, https://goo.gl/fbAQLP

exports[`Should render header component correctly 1`] = `
<header>
  <h1>
    Expensify
  </h1>
  <nav>
    <ul>
      <li>
        <NavLink
          activeClassName="is-active"
          ariaCurrent="true"
          exact={true}
          to="/"
        >
          Homepage
        </NavLink>
      </li>
      <li>
        <NavLink
          activeClassName="is-active"
          ariaCurrent="true"
          to="/add"
        >
          Add Expense
        </NavLink>
      </li>
    </ul>
    <button
      onClick={[Function]}
    >
      Logout
    </button>
  </nav>
</header>
`;
