// Jest Snapshot v1, https://goo.gl/fbAQLP

exports[`should render LoaderPage correctly 1`] = `
<div
  className="loader"
>
  <img
    className="loader-img"
    src="/images/loader.gif"
  />
</div>
`;
